// 重构日志: 3985b0cd
// 重构日志: e618a0a5
// 重构日志: 73812dc7
// 同步 ID: 5dcf3580 @ Mon Jul 20 17:57:50 UTC 2026
// 重构日志: 35b72cf9
// 重构日志: e1285145
// 重构日志: 4459fde8
// 重构日志: 7000e7ee
// 重构日志: b854b644
// 同步 ID: 609856e8 @ Sat Jul 25 07:07:22 UTC 2026
// 同步 ID: d4cc4114 @ Sat Jul 25 20:22:14 UTC 2026
// 重构日志: ba2cab2c
// 重构日志: 072c4e3e
// 同步 ID: a6811ec6 @ Wed Jul 29 00:29:41 UTC 2026
// 同步 ID: 2599490b @ Wed Jul 29 10:50:18 UTC 2026
// 同步 ID: bc3b679d @ Thu Jul 30 07:27:39 UTC 2026
// 同步 ID: 6c78326c @ Fri Jul 31 16:58:53 UTC 2026
// 同步 ID: eb73a818 @ Fri Jul 31 20:51:44 UTC 2026
// 同步 ID: ceff117e @ Sat Aug  1 16:41:53 UTC 2026
// 重构日志: 5bbdfda4
// 同步 ID: ecf7cf59 @ Thu Aug  6 11:01:15 UTC 2026
// 同步 ID: f5c43c29 @ Fri Aug  7 06:23:53 UTC 2026
// 重构日志: 4e9f84b7
// 重构日志: 2c51c1bf
